Daily update: Mon Oct 27 17:41:02 UTC 2025
Daily update: Mon Oct 27 17:41:12 UTC 2025
Daily update: Tue Oct 28 09:40:31 UTC 2025
Daily update: Wed Oct 29 09:39:55 UTC 2025
Daily update: Thu Oct 30 09:40:34 UTC 2025
Daily update: Fri Oct 31 09:40:06 UTC 2025
Daily update: Sat Nov  1 09:35:59 UTC 2025
Daily update: Sun Nov  2 09:35:28 UTC 2025
Daily update: Mon Nov  3 09:43:17 UTC 2025
Daily update: Tue Nov  4 09:42:25 UTC 2025
Daily update: Wed Nov  5 09:42:43 UTC 2025
Daily update: Thu Nov  6 09:41:24 UTC 2025
Daily update: Fri Nov  7 09:39:30 UTC 2025
Daily update: Sat Nov  8 09:36:13 UTC 2025
Daily update: Sun Nov  9 09:35:40 UTC 2025
Daily update: Mon Nov 10 09:43:14 UTC 2025
Daily update: Tue Nov 11 09:41:06 UTC 2025
Daily update: Wed Nov 12 09:41:49 UTC 2025
Daily update: Thu Nov 13 09:41:53 UTC 2025
Daily update: Fri Nov 14 09:40:59 UTC 2025
Daily update: Sat Nov 15 09:36:11 UTC 2025
Daily update: Sun Nov 16 09:37:04 UTC 2025
Daily update: Mon Nov 17 09:43:47 UTC 2025
Daily update: Tue Nov 18 09:41:50 UTC 2025
Daily update: Wed Nov 19 09:41:47 UTC 2025
Daily update: Thu Nov 20 09:40:17 UTC 2025
Daily update: Fri Nov 21 09:40:18 UTC 2025
Daily update: Sat Nov 22 09:36:32 UTC 2025
Daily update: Sun Nov 23 09:37:03 UTC 2025
Daily update: Mon Nov 24 09:44:29 UTC 2025
Daily update: Tue Nov 25 09:43:30 UTC 2025
Daily update: Wed Nov 26 09:43:23 UTC 2025
Daily update: Thu Nov 27 09:41:47 UTC 2025
Daily update: Fri Nov 28 09:40:14 UTC 2025
Daily update: Sat Nov 29 09:37:36 UTC 2025
Daily update: Sun Nov 30 09:37:04 UTC 2025
Daily update: Mon Dec  1 09:48:13 UTC 2025
Daily update: Tue Dec  2 09:46:45 UTC 2025
Daily update: Wed Dec  3 09:44:35 UTC 2025
Daily update: Thu Dec  4 09:44:05 UTC 2025
Daily update: Fri Dec  5 09:41:50 UTC 2025
Daily update: Sat Dec  6 09:37:47 UTC 2025
Daily update: Sun Dec  7 09:37:37 UTC 2025
Daily update: Mon Dec  8 09:48:04 UTC 2025
Daily update: Tue Dec  9 09:43:46 UTC 2025
Daily update: Wed Dec 10 09:44:46 UTC 2025
Daily update: Thu Dec 11 09:45:49 UTC 2025
Daily update: Fri Dec 12 09:44:23 UTC 2025
Daily update: Sat Dec 13 09:37:57 UTC 2025
Daily update: Sun Dec 14 09:38:54 UTC 2025
Daily update: Mon Dec 15 09:52:32 UTC 2025
Daily update: Tue Dec 16 09:46:31 UTC 2025
Daily update: Wed Dec 17 09:47:46 UTC 2025
Daily update: Thu Dec 18 09:47:16 UTC 2025
Daily update: Fri Dec 19 09:44:39 UTC 2025
Daily update: Sat Dec 20 09:38:18 UTC 2025
Daily update: Sun Dec 21 09:39:07 UTC 2025
Daily update: Mon Dec 22 09:48:32 UTC 2025
Daily update: Tue Dec 23 09:45:11 UTC 2025
Daily update: Wed Dec 24 09:43:44 UTC 2025
Daily update: Thu Dec 25 09:42:40 UTC 2025
Daily update: Fri Dec 26 09:42:25 UTC 2025
Daily update: Sat Dec 27 09:39:25 UTC 2025
Daily update: Sun Dec 28 09:39:52 UTC 2025
Daily update: Mon Dec 29 09:50:05 UTC 2025
Daily update: Tue Dec 30 09:45:11 UTC 2025
Daily update: Wed Dec 31 09:44:47 UTC 2025
Daily update: Thu Jan  1 09:44:08 UTC 2026
Daily update: Fri Jan  2 09:44:30 UTC 2026
Daily update: Sat Jan  3 09:39:48 UTC 2026
Daily update: Sun Jan  4 09:39:11 UTC 2026
Daily update: Mon Jan  5 09:53:03 UTC 2026
Daily update: Tue Jan  6 09:47:18 UTC 2026
Daily update: Wed Jan  7 09:48:47 UTC 2026
Daily update: Thu Jan  8 09:49:27 UTC 2026
Daily update: Fri Jan  9 09:49:30 UTC 2026
Daily update: Sat Jan 10 09:39:50 UTC 2026
Daily update: Sun Jan 11 09:40:53 UTC 2026
Daily update: Mon Jan 12 09:52:54 UTC 2026
Daily update: Tue Jan 13 09:49:05 UTC 2026
Daily update: Wed Jan 14 09:50:15 UTC 2026
Daily update: Thu Jan 15 09:48:14 UTC 2026
Daily update: Fri Jan 16 09:47:07 UTC 2026
Daily update: Sat Jan 17 09:39:46 UTC 2026
Daily update: Sun Jan 18 09:41:06 UTC 2026
Daily update: Mon Jan 19 09:55:08 UTC 2026
Daily update: Tue Jan 20 09:53:24 UTC 2026
Daily update: Wed Jan 21 09:53:25 UTC 2026
Daily update: Thu Jan 22 09:53:15 UTC 2026
Daily update: Fri Jan 23 09:50:32 UTC 2026
Daily update: Sat Jan 24 09:40:32 UTC 2026
Daily update: Sun Jan 25 09:41:52 UTC 2026
Daily update: Mon Jan 26 09:54:51 UTC 2026
Daily update: Tue Jan 27 09:54:15 UTC 2026
Daily update: Wed Jan 28 09:54:18 UTC 2026
Daily update: Thu Jan 29 10:03:33 UTC 2026
Daily update: Fri Jan 30 10:01:08 UTC 2026
Daily update: Sat Jan 31 09:49:22 UTC 2026
Daily update: Sun Feb  1 09:51:43 UTC 2026
Daily update: Mon Feb  2 10:11:21 UTC 2026
Daily update: Tue Feb  3 10:04:30 UTC 2026
Daily update: Wed Feb  4 10:06:44 UTC 2026
Daily update: Thu Feb  5 10:07:13 UTC 2026
Daily update: Fri Feb  6 10:05:08 UTC 2026
Daily update: Sat Feb  7 09:52:41 UTC 2026
Daily update: Sun Feb  8 09:51:46 UTC 2026
Daily update: Mon Feb  9 10:33:04 UTC 2026
Daily update: Tue Feb 10 10:28:36 UTC 2026
Daily update: Wed Feb 11 10:13:28 UTC 2026
Daily update: Thu Feb 12 10:11:03 UTC 2026
Daily update: Fri Feb 13 10:05:54 UTC 2026
Daily update: Sat Feb 14 09:53:01 UTC 2026
Daily update: Sun Feb 15 09:53:28 UTC 2026
Daily update: Mon Feb 16 10:13:59 UTC 2026
Daily update: Tue Feb 17 10:10:45 UTC 2026
Daily update: Wed Feb 18 10:09:44 UTC 2026
Daily update: Thu Feb 19 10:09:30 UTC 2026
Daily update: Fri Feb 20 10:03:01 UTC 2026
Daily update: Sat Feb 21 09:51:21 UTC 2026
Daily update: Sun Feb 22 09:52:27 UTC 2026
Daily update: Mon Feb 23 10:26:49 UTC 2026
Daily update: Tue Feb 24 10:12:20 UTC 2026
Daily update: Wed Feb 25 10:26:28 UTC 2026
Daily update: Thu Feb 26 10:11:02 UTC 2026
Daily update: Fri Feb 27 10:04:18 UTC 2026
Daily update: Sat Feb 28 09:46:11 UTC 2026
Daily update: Sun Mar  1 09:50:25 UTC 2026
Daily update: Mon Mar  2 10:10:10 UTC 2026
Daily update: Tue Mar  3 10:04:27 UTC 2026
Daily update: Wed Mar  4 10:02:26 UTC 2026
Daily update: Thu Mar  5 10:05:53 UTC 2026
Daily update: Fri Mar  6 10:00:53 UTC 2026
Daily update: Sat Mar  7 09:49:44 UTC 2026
Daily update: Sun Mar  8 09:50:59 UTC 2026
Daily update: Mon Mar  9 10:10:45 UTC 2026
Daily update: Tue Mar 10 10:04:29 UTC 2026
Daily update: Wed Mar 11 10:05:24 UTC 2026
Daily update: Thu Mar 12 10:04:57 UTC 2026
Daily update: Fri Mar 13 10:01:33 UTC 2026
Daily update: Sat Mar 14 09:54:02 UTC 2026
Daily update: Sun Mar 15 09:55:44 UTC 2026
Daily update: Mon Mar 16 10:34:24 UTC 2026
Daily update: Tue Mar 17 10:11:46 UTC 2026
